current directory: /home/runner/work/ECommerce/ECommerce/vendor/bundle/ruby/3.2.0/gems/date-3.5.1/ext/date
/usr/bin/ruby3.2 -I/usr/lib/ruby/vendor_ruby extconf.rb
checking for rb_category_warn()... yes
checking for timezone in time.h with  -Werror... yes
checking for altzone in time.h with  -Werror... no
creating Makefile

current directory: /home/runner/work/ECommerce/ECommerce/vendor/bundle/ruby/3.2.0/gems/date-3.5.1/ext/date
make DESTDIR\= sitearchdir\=./.gem.20260311-4205-rc37sy sitelibdir\=./.gem.20260311-4205-rc37sy clean

current directory: /home/runner/work/ECommerce/ECommerce/vendor/bundle/ruby/3.2.0/gems/date-3.5.1/ext/date
make DESTDIR\= sitearchdir\=./.gem.20260311-4205-rc37sy sitelibdir\=./.gem.20260311-4205-rc37sy
compiling date_core.c
compiling date_parse.c
compiling date_strftime.c
compiling date_strptime.c
linking shared-object date_core.so

current directory: /home/runner/work/ECommerce/ECommerce/vendor/bundle/ruby/3.2.0/gems/date-3.5.1/ext/date
make DESTDIR\= sitearchdir\=./.gem.20260311-4205-rc37sy sitelibdir\=./.gem.20260311-4205-rc37sy install
/usr/bin/install -c -m 0755 date_core.so ./.gem.20260311-4205-rc37sy

current directory: /home/runner/work/ECommerce/ECommerce/vendor/bundle/ruby/3.2.0/gems/date-3.5.1/ext/date
make DESTDIR\= sitearchdir\=./.gem.20260311-4205-rc37sy sitelibdir\=./.gem.20260311-4205-rc37sy clean
